// Vitest Snapshot v1, https://vitest.dev/guide/snapshot.html

exports[`task-group > renders 1`] = `
"
<div class="govuk-grid-row">
  <div class="govuk-grid-column-two-thirds">
    <h2
      class="govuk-heading-l govuk-!-margin-top-6"
      data-testid="stage-heading"
    >
      Test Stage
    </h2>
      <h3 class="govuk-heading-m">1. Group 1</h3>
      
  <ul
    class="govuk-task-list govuk-!-margin-bottom-4"
    data-testid="taskList-list"
  >
      <li
        class="govuk-task-list__item govuk-task-list__item--with-link"
        data-testid="taskList-li"
      >
        <div class="govuk-task-list__name-and-hint">
          <a href="/cases/123/task/1" class="govuk-link govuk-task-list__link"
            >Task 1</a
          >
        </div>
        <div class="govuk-task-list__status">
          <strong class="govuk-tag govuk-tag govuk-tag--blue">
  Not started
</strong>

        </div>
      </li>
      <li
        class="govuk-task-list__item govuk-task-list__item--with-link"
        data-testid="taskList-li"
      >
        <div class="govuk-task-list__name-and-hint">
          <a href="/cases/123/task/2" class="govuk-link govuk-task-list__link"
            >Task 2</a
          >
        </div>
        <div class="govuk-task-list__status">
          <strong class="govuk-tag govuk-tag govuk-tag--blue">
  In progress
</strong>

        </div>
      </li>
  </ul>


      <div class="govuk-button-group">
    <form method="POST">
      <button
        type="submit"
        data-prevent-double-click="true"
        class="govuk-button"
        data-module="govuk-button"
        data-govuk-button-init=""
        formaction="/cases/123"
disabled      >
        Complete Stage
      </button>
    </form>
</div>

  </div>
</div>
"
`;
