// Vitest Snapshot v1, https://vitest.dev/guide/snapshot.html

exports[`newNoteRoute > renders page and returns 200 ok 1`] = `
"
  
<div class="govuk-!-margin-bottom-6 app-case-banner">
  <div class="govuk-width-container">
    <a href="/cases" class="govuk-back-link">Back to cases</a>

    <h1 class="govuk-heading-m">
      Valley Farm
    </h1>

    <div>
      <div class="app-case-row">
      </div>
    </div>
  </div>
</div>



  <div class="govuk-body">
    
  <div class="govuk-service-navigation" data-module="govuk-service-navigation">
      <div class="govuk-width-container">

    <div class="govuk-service-navigation__container">
      

      
        <nav aria-label="Menu" class="govuk-service-navigation__wrapper">
          <button type="button" class="govuk-service-navigation__toggle govuk-js-service-navigation-toggle" aria-controls="navigation" hidden="">
            Menu
          </button>

          <ul class="govuk-service-navigation__list" id="navigation">

            
              
              <li class="govuk-service-navigation__item">
                  <a class="govuk-service-navigation__link" href="/cases/68495db5afe2d27b09b2ee47">
                                    
Tasks
                  </a>
              </li>

              
              <li class="govuk-service-navigation__item">
                  <a class="govuk-service-navigation__link" href="/cases/68495db5afe2d27b09b2ee47/case-details">
                                    
Case Details
                  </a>
              </li>

              
              <li class="govuk-service-navigation__item govuk-service-navigation__item--active">
                  <a class="govuk-service-navigation__link" href="/cases/68495db5afe2d27b09b2ee47/notes" aria-current="true">
                                    
                  <strong class="govuk-service-navigation__active-fallback">Notes</strong>

                  </a>
              </li>

              
              <li class="govuk-service-navigation__item">
                  <a class="govuk-service-navigation__link" href="/cases/68495db5afe2d27b09b2ee47/timeline">
                                    
Timeline
                  </a>
              </li>

            </ul>
        </nav>
    </div>

    </div>

  </div>



    <form action="/cases/68495db5afe2d27b09b2ee47/notes" method="post">
      <div class="govuk-form-group">
  <label class="govuk-label govuk-label govuk-label--l govuk-!-margin-top-6" for="text">
    Add a note
  </label>
  <div id="text-hint" class="govuk-hint">
    All notes will be saved for auditing purposes
  </div>
  <textarea class="govuk-textarea" id="text" name="text" rows="5" aria-describedby="text-hint"></textarea>
</div>


      <button type="submit" class="govuk-button" data-module="govuk-button">
  Save
</button>
    </form>
  </div>
        "
`;
