// Vitest Snapshot v1, https://vitest.dev/guide/snapshot.html

exports[`getSecret > returns 200 1`] = `
"
  <div class="govuk-grid-row app-heading" data-testid="app-heading">
  <div class="govuk-grid-column-two-thirds">
    <h1 class="govuk-heading-xl govuk-!-margin-bottom-2" data-testid="app-heading-title">
      
    </h1>

  </div>
</div>


  <div class="govuk-grid-row">
    <div class="govuk-grid-column-full">
      <div class="govuk-body" data-testid="app-page-body">
        <h2>Shhh - it's a secret!</h2>
        <p>
          You are
            authenticated
        </p>
        <p>
          You are
authorised        </p>

          <a href="/logout" role="button" draggable="false" class="govuk-button" data-module="govuk-button">
  Logout
</a>

        <h3>Session information</h3>
        <pre>{
  "isAuthenticated": true,
  "isAuthorized": false,
  "isInjected": true,
  "credentials": {
    "profile": {
      "id": "43e8508b-6cbd-4ac1-b29e-e73792ab0f4b",
      "displayName": "Joe Bloggs",
      "email": "joe@bloggs.com"
    },
    "authenticated": true,
    "authorised": true
  },
  "artifacts": {
    "profile": {
      "id": "43e8508b-6cbd-4ac1-b29e-e73792ab0f4b",
      "displayName": "Joe Bloggs",
      "email": "joe@bloggs.com"
    },
    "authenticated": true,
    "authorised": true
  },
  "strategy": "session",
  "mode": "required",
  "error": null
}</pre>
      </div>
    </div>
  </div>
        "
`;
