// Vitest Snapshot v1, https://vitest.dev/guide/snapshot.html

exports[`timelineRoute > displays a timeline 1`] = `
"
  
<div class="govuk-!-margin-bottom-6 app-case-banner">
  <div class="govuk-width-container">
    <a href="/cases" class="govuk-back-link">Back to cases</a>

    <h1 class="govuk-heading-m">
      Test application name 1
    </h1>

    <div>
      <div class="app-case-row">
        <div class="app-case-cell">
          <p>
            <strong class="govuk-!-margin-right-1">SBI:</strong>
            SBI001
          </p>
        </div>

        <div class="app-case-cell">
          <p>
            <strong class="govuk-!-margin-right-1">Reference:</strong>
            frps-private-beta
          </p>
        </div>

        <div class="app-case-cell">
          <p>
            <strong class="govuk-!-margin-right-1">Scheme:</strong>
            SFI
            2025
          </p>
        </div>

        <div class="app-case-cell">
          <p>
            <strong class="govuk-!-margin-right-1">Date received:</strong>
            11 Jun 2025
          </p>
        </div>

        <div class="app-case-cell">
          <p>
            <strong class="govuk-!-margin-right-1">Status:</strong>
            NEW
          </p>
        </div>
      </div>
    </div>
  </div>
</div>


  <div class="govuk-body">
    
  <div class="govuk-service-navigation" data-module="govuk-service-navigation">
      <div class="govuk-width-container">

    <div class="govuk-service-navigation__container">
      

      
        <nav aria-label="Menu" class="govuk-service-navigation__wrapper">
          <button type="button" class="govuk-service-navigation__toggle govuk-js-service-navigation-toggle" aria-controls="navigation" hidden="">
            Menu
          </button>

          <ul class="govuk-service-navigation__list" id="navigation">

            
              
              <li class="govuk-service-navigation__item">
                  <a class="govuk-service-navigation__link" href="/cases/68495db5afe2d27b09b2ee47">
                                    
Tasks
                  </a>
              </li>

              
              <li class="govuk-service-navigation__item">
                  <a class="govuk-service-navigation__link" href="/cases/68495db5afe2d27b09b2ee47/case-details">
                                    
Case Details
                  </a>
              </li>

              
              <li class="govuk-service-navigation__item govuk-service-navigation__item--active">
                  <a class="govuk-service-navigation__link" href="/cases/68495db5afe2d27b09b2ee47/timeline" aria-current="true">
                                    
                  <strong class="govuk-service-navigation__active-fallback">Timeline</strong>

                  </a>
              </li>

              
              <li class="govuk-service-navigation__item">
                  <a class="govuk-service-navigation__link" href="#">
                                    
Land Details
                  </a>
              </li>

            </ul>
        </nav>
    </div>

    </div>

  </div>



    <h2 class="govuk-heading-l govuk-!-margin-bottom-1 govuk-!-margin-top-6">
      Timeline
    </h2>

    <div class="govuk-grid-row">
      <div class="govuk-grid-column-full">
        <div class="govuk-body" data-testid="app-page-body">
          <div class="timeline govuk-!-margin-top-3">
              <div class="timeline__item">
                <div class="timeline__header">
                  <h2>    Case received</h2>

                  <p class="timeline__byline">by Julian Kimmings</p>
                </div>
                <p class="timeline__date">
                  <time datetime="2025-06-16T09:01:14.072Z">16 Jun 2025 10:01</time>
                </p>
                <div class="timeline__description">
</div>

              </div>
              <div class="timeline__item">
                <div class="timeline__header">
                  <h2>    Case assigned
    to martinUserId</h2>

                  <p class="timeline__byline">by Julian Kimmings</p>
                </div>
                <p class="timeline__date">
                  <time datetime="2025-06-16T09:01:14.072Z">16 Jun 2025 10:01</time>
                </p>
                <div class="timeline__description">
    <p>
      Assigned to martinUserId by nickUserId
    </p>
</div>

              </div>
              <div class="timeline__item">
                <div class="timeline__header">
                  <h2>    Task completed</h2>

                  <p class="timeline__byline">by Nicholai Hel</p>
                </div>
                <p class="timeline__date">
                  <time datetime="2025-06-16T09:01:14.072Z">16 Jun 2025 10:01</time>
                </p>
                <div class="timeline__description">
    <!-- TODO  task link? -->
    <a class="govuk-link" href="/cases//tasks//">View task</a>
</div>

              </div>
          </div>
        </div>
      </div>
    </div>
  </div>
        "
`;
