// Vitest Snapshot v1, https://vitest.dev/guide/snapshot.html

exports[`timeline-item-description > renders case assigned view 1`] = `
"<div class="timeline__description">
    <p>
      Assigned to Mickey Mouse
    </p>
</div>
"
`;

exports[`timeline-item-description > renders other view 1`] = `
"<div class="timeline__description">
    <!-- TODO  note link? -->
    <a class="govuk-link" href="/notes">View note</a>
</div>
"
`;
